11-06-2019:17:58:10,971 INFO [test_1.py:25] 点击密码登录，进入账号密码登录页面
11-06-2019:17:58:22,8 INFO [test_1.py:32] 输入的手机号是13781186505
11-06-2019:17:58:27,989 INFO [test_1.py:34] 输入的密码是
11-06-2019:17:58:51,618 INFO [test_1.py:32] 输入的手机号是 
11-06-2019:17:58:57,780 INFO [test_1.py:34] 输入的密码是a423510
11-06-2019:17:59:12,131 INFO [test_1.py:32] 输入的手机号是  
11-06-2019:17:59:18,327 INFO [test_1.py:34] 输入的密码是
11-06-2019:17:59:39,28 INFO [test_1.py:32] 输入的手机号是13781186505
11-06-2019:17:59:45,81 INFO [test_1.py:34] 输入的密码是a423510
11-06-2019:17:59:49,244 INFO [test_1.py:46] 登录成功的处理........
11-06-2019:17:59:49,331 INFO [test_1.py:62] 手机与appium断开连接
11-06-2019:17:59:59,601 INFO [test_1.py:62] 手机与appium断开连接
11-06-2019:18:00:09,870 INFO [test_1.py:62] 手机与appium断开连接
