12-06-2019:14:03:38,743 INFO [test_1.py:25] 点击密  登录，进入账号密码登录页面
12-06-2019:14:03:49,807 INFO [test_1.py:32] 输入的手机号是13781186505
12-06-2019:14:03:55,965 INFO [test_1.py:34] 输入的密码是
12-06-2019:14:04:19,705 INFO [test_1.py:32] 输入的手机号是 
12-06-2019:14:04:26,363 INFO [test_1.py:34] 输入的密码是a423510
12-06-2019:14:04:40,924 INFO [test_1.py:32] 输入的手机号是  
12-06-2019:14:04:47,502 INFO [test_1.py:34] 输入的密码是
12-06-2019:14:05:08,192 INFO [test_1.py:32] 输入的手机号是13781186505
12-06-2019:14:05:14,475 INFO [test_1.py:34] 输入的密码是a423510
12-06-2019:14:05:19,17 INFO [test_1.py:46] 登录成功的处理........
12-06-2019:14:05:19,127 INFO [test_1.py:62] 手机与appium断开连接
12-06-2019:14:05:30,110 INFO [test_1.py:62] 手机与appium断开连接
12-06-2019:14:05:41,42 INFO [test_1.py:62] 手机与appium断开连接
